finalProj/avo2017.csv
Unnamed: 0,Date,AveragePrice,Total Volume,4046,4225,4770,Total Bags,Small Bags,Large Bags,XLarge Bags,type,year,region
0,2017-12-31,1.39,59077.02,2596.63,41694.13,23.2,14763.06,11544.79,3218.27,0.0,conventional,2017,Syracuse
1,2017-12-24,1.31,57784.05,2688.4,34404.86,45.22,20645.57,17602.68,3042.89,0.0,conventional,2017,Syracuse
2,2017-12-17,1.3,49219.75,2485.9,30082.89,44.91,16606.05,13821.2,2784.85,0.0,conventional,2017,Syracuse
3,2017-12-10,1.24,59965.39,2531.03,34341.79,32.29,23060.28,19843.38,3216.9,0.0,conventional,2017,Syracuse
4,2017-12-03,1.25,80838.0,2791.0,57129.0,47.0,20871.0,19354.0,1517.0,0.0,conventional,2017,Syracuse
5,2017-11-26,1.29,44800.0,2027.0,25986.0,37.0,16750.0,13893.0,2858.0,0.0,conventional,2017,Syracuse
6,2017-11-19,1.43,61126.0,3191.0,38882.0,55.0,18998.0,15009.0,3989.0,0.0,conventional,2017,Syracuse
7,2017-11-12,1.32,62300.0,4073.0,37767.0,65.0,20395.0,17129.0,3266.0,0.0,conventional,2017,Syracuse
8,2017-11-05,1.44,52028.11,3247.93,29429.38,67.38,19283.42,7444.72,11838.7,0.0,conventional,2017,Syracuse
9,2017-10-29,1.46,53621.45,4026.13,30151.64,29.82,19413.86,5103.83,14310.03,0.0,conventional,2017,Syracuse
10,2017-10-22,1.51,44004.03,9115.03,23293.35,47.27,11548.38,9164.3,2384.08,0.0,conventional,2017,Syracuse
11,2017-10-15,1.57,43715.52,9713.37,25427.16,63.06,8511.93,6112.95,2398.98,0.0,conventional,2017,Syracuse
12,2017-10-08,1.57,45452.47,8991.47,18883.83,12.52,17564.65,10518.27,7046.38,0.0,conventional,2017,Syracuse
13,2017-10-01,1.58,47034.13,8960.94,26794.59,26.53,11252.07,7107.08,4144.99,0.0,conventional,2017,Syracuse
14,2017-09-24,1.47,53868.66,4475.84,28923.06,29.25,20440.51,17095.79,3341.39,3.33,conventional,2017,Syracuse
15,2017-09-17,1.38,62352.95,3606.84,36375.29,17.24,22353.58,17869.41,4337.5,146.67,conventional,2017,Syracuse
16,2017-09-10,1.59,72483.1,2235.35,45425.83,26.6,24795.32,21065.46,2169.86,1560.0,conventional,2017,Syracuse
17,2017-09-03,1.64,59583.07,2114.45,36157.55,13.49,21297.58,18165.54,2042.04,1090.0,conventional,2017,Syracuse
18,2017-08-27,1.41,63048.42,1316.69,37148.13,13.23,24570.37,23840.35,433.35,296.67,conventional,2017,Syracuse
19,2017-08-20,1.42,60657.76,796.92,36561.0,19.35,23280.49,21641.1,392.72,1246.67,conventional,2017,Syracuse
20,2017-08-13,1.45,78489.49,995.24,49060.0,95.43,28338.82,26760.87,504.62,1073.33,conventional,2017,Syracuse
21,2017-08-06,1.4,69322.32,1279.22,41361.06,55.46,26626.58,24827.73,988.85,810.0,conventional,2017,Syracuse
22,2017-07-30,1.43,64459.46,1121.94,36769.4,36.37,26531.75,25309.08,496.01,726.66,conventional,2017,Syracuse
23,2017-07-23,1.38,68030.78,1193.19,40041.52,249.55,26546.52,24946.32,760.2,840.0,conventional,2017,Syracuse
24,2017-07-16,1.38,69590.82,1077.61,42756.31,906.91,24849.99,22863.54,766.45,1220.0,conventional,2017,Syracuse
25,2017-07-09,1.38,77529.57,1001.92,45176.42,381.6,30969.63,26802.91,1161.72,3005.0,conventional,2017,Syracuse
26,2017-07-02,1.42,71770.39,1523.49,47455.14,253.64,22538.12,19118.32,2184.8,1235.0,conventional,2017,Syracuse
27,2017-06-25,1.48,58174.88,1578.3,44074.2,113.25,12409.13,9107.87,2081.26,1220.0,conventional,2017,Syracuse
28,2017-06-18,1.54,61468.49,1407.87,43878.97,350.22,15831.43,13074.87,1366.56,1390.0,conventional,2017,Syracuse
29,2017-06-11,1.66,58542.16,1072.14,42974.8,113.4,14381.82,9561.81,2500.01,2320.0,conventional,2017,Syracuse
30,2017-06-04,1.65,64255.79,976.08,42117.66,21.91,21140.14,17366.8,2528.34,1245.0,conventional,2017,Syracuse
31,2017-05-28,1.71,87335.11,912.16,54932.84,57.2,31432.91,29067.88,1795.03,570.0,conventional,2017,Syracuse
32,2017-05-21,1.6,65540.84,954.42,39537.45,25.0,25023.97,22216.56,2684.08,123.33,conventional,2017,Syracuse
33,2017-05-14,1.66,74951.66,1032.62,43170.45,42.0,30706.59,28525.65,2180.94,0.0,conventional,2017,Syracuse
34,2017-05-07,1.63,89105.75,1032.88,52450.37,43.0,35579.5,29203.64,6375.86,0.0,conventional,2017,Syracuse
35,2017-04-30,1.36,96486.66,1552.03,59920.21,20.0,34994.42,30442.04,4552.38,0.0,conventional,2017,Syracuse
36,2017-04-23,1.5,63453.06,2063.37,36408.59,18.0,24963.1,21108.83,3854.27,0.0,conventional,2017,Syracuse
37,2017-04-16,1.6,75156.9,2160.01,40347.49,18.69,32630.71,29196.51,3434.2,0.0,conventional,2017,Syracuse
38,2017-04-09,1.61,79779.92,1222.66,46634.37,10.34,31912.55,14344.41,17568.14,0.0,conventional,2017,Syracuse
39,2017-04-02,1.6,75253.52,2542.88,40061.88,8.0,32640.76,22629.71,10011.05,0.0,conventional,2017,Syracuse
40,2017-03-26,1.37,88278.7,1578.03,56606.36,10.97,30083.34,26771.35,3311.99,0.0,conventional,2017,Syracuse
41,2017-03-19,1.59,68447.26,1084.6,40909.74,6.0,26446.92,22773.41,3673.51,0.0,conventional,2017,Syracuse
42,2017-03-12,1.53,73839.48,950.82,43531.8,9.0,29347.86,16225.96,13121.9,0.0,conventional,2017,Syracuse
43,2017-03-05,1.42,72748.04,989.63,50667.02,9.59,21081.8,20971.87,30.76,79.17,conventional,2017,Syracuse
44,2017-02-26,1.57,60421.42,1108.5,40969.38,4.3,18339.24,18169.46,8.67,161.11,conventional,2017,Syracuse
45,2017-02-19,1.71,61608.13,831.96,44732.35,6.0,16037.82,15679.21,358.61,0.0,conventional,2017,Syracuse
46,2017-02-12,1.5,67899.62,1335.04,45061.2,66.28,21437.1,20869.15,567.95,0.0,conventional,2017,Syracuse
47,2017-02-05,1.49,104027.11,1216.04,78340.67,44.0,24426.4,24392.2,34.2,0.0,conventional,2017,Syracuse
48,2017-01-29,1.36,71809.68,1270.55,44228.54,101.0,26209.59,25395.9,813.69,0.0,conventional,2017,Syracuse
49,2017-01-22,1.52,79859.72,1341.0,52570.04,16.27,25932.41,24856.47,1075.94,0.0,conventional,2017,Syracuse
50,2017-01-15,1.4,68598.22,1109.08,37401.39,21.0,30066.75,29465.36,601.39,0.0,conventional,2017,Syracuse
51,2017-01-08,1.43,67353.38,1221.37,41382.49,11.79,24737.73,24733.29,4.44,0.0,conventional,2017,Syracuse
52,2017-01-01,1.55,64284.03,853.31,47182.71,7.0,16241.01,16175.8,65.21,0.0,conventional,2017,Syracuse
